#-----------------------------------------------------------
# Vivado v2018.3 (64-bit)
# SW Build 2405991 on Thu Dec  6 23:36:41 MST 2018
# IP Build 2404404 on Fri Dec  7 01:43:56 MST 2018
# Start of session at: Fri Nov  8 17:12:23 2019
# Process ID: 29506
# Current directory: /home/users/manabe/2019/auto_drive/lsd/hdl/project
# Command line: vivado
# Log file: /home/users/manabe/2019/auto_drive/lsd/hdl/project/vivado.log
# Journal file: /home/users/manabe/2019/auto_drive/lsd/hdl/project/vivado.jou
#-----------------------------------------------------------
start_gui
open_project /home/users/manabe/2019/auto_drive/lsd/hdl/project/project_1/project_1.xpr
update_compile_order -fileset sources_1
export_ip_user_files -of_objects  [get_files /home/users/manabe/2019/auto_drive/lsd/hdl/common/rgb2ycbcr.v] -no_script -reset -force -quiet
remove_files  /home/users/manabe/2019/auto_drive/lsd/hdl/common/rgb2ycbcr.v
reset_run synth_1
launch_runs impl_1 -jobs 8
wait_on_run impl_1
open_run impl_1
report_utilization -name utilization_1
