#-----------------------------------------------------------
# Vivado v2018.3 (64-bit)
# SW Build 2405991 on Thu Dec  6 23:36:41 MST 2018
# IP Build 2404404 on Fri Dec  7 01:43:56 MST 2018
# Start of session at: Thu Oct 24 17:30:41 2019
# Process ID: 5364
# Current directory: /home/users/manabe/2019/auto_drive/lsd/hdl/project2/project_1
# Command line: vivado project_1.xpr
# Log file: /home/users/manabe/2019/auto_drive/lsd/hdl/project2/project_1/vivado.log
# Journal file: /home/users/manabe/2019/auto_drive/lsd/hdl/project2/project_1/vivado.jou
#-----------------------------------------------------------
start_gui
open_project project_1.xpr
update_compile_order -fileset sources_1
add_files -norecurse /home/users/manabe/2019/auto_drive/lsd/hdl/project2/xorshift128plus.v
update_compile_order -fileset sources_1
reset_run synth_1
launch_runs impl_1 -jobs 24
wait_on_run impl_1
update_files -from_files /home/users/katayama/study/hdmi/PYNQ-Z1_C.xdc -to_files /home/users/kakizaki/HDMI/PYNQ-Z1_C.xdc -filesets [get_filesets *]
reset_run synth_1
launch_runs impl_1 -jobs 24
wait_on_run impl_1
reset_run synth_1
launch_runs impl_1 -jobs 24
wait_on_run impl_1
export_ip_user_files -of_objects  [get_files /home/users/manabe/2019/auto_drive/lsd/hdl/project2/top.v] -no_script -reset -force -quiet
remove_files  /home/users/manabe/2019/auto_drive/lsd/hdl/project2/top.v
